/home/dfredriksen_quantyra_org/source-star-completeness-c574bd9-src/certifications/realizable-hardness/lean/PvNP/RealizableHardness/EqualityGadget.lean:112:0: warning: automatically included section variable(s) unused in theorem `PvNP.RealizableHardness.EqualityGadget.relabeled_row_injective`:
  [DecidableEq V]
consider restructuring your `variable` declarations so that the variables are not in scope or explicitly omit them:
  omit [DecidableEq V] in theorem ...

Note: This linter can be disabled with `set_option linter.unusedSectionVars false`
/home/dfredriksen_quantyra_org/source-star-completeness-c574bd9-src/certifications/realizable-hardness/lean/PvNP/RealizableHardness/EqualityGadget.lean:115:0: warning: automatically included section variable(s) unused in theorem `PvNP.RealizableHardness.EqualityGadget.relabeled_support_card`:
  [DecidableEq V]
consider restructuring your `variable` declarations so that the variables are not in scope or explicitly omit them:
  omit [DecidableEq V] in theorem ...

Note: This linter can be disabled with `set_option linter.unusedSectionVars false`
/home/dfredriksen_quantyra_org/source-star-completeness-c574bd9-src/certifications/realizable-hardness/lean/PvNP/RealizableHardness/EqualityGadget.lean:118:0: warning: automatically included section variable(s) unused in theorem `PvNP.RealizableHardness.EqualityGadget.relabeled_support_injective`:
  [DecidableEq V]
consider restructuring your `variable` declarations so that the variables are not in scope or explicitly omit them:
  omit [DecidableEq V] in theorem ...

Note: This linter can be disabled with `set_option linter.unusedSectionVars false`
/home/dfredriksen_quantyra_org/source-star-completeness-c574bd9-src/certifications/realizable-hardness/lean/PvNP/RealizableHardness/EqualityGadget.lean:144:0: warning: automatically included section variable(s) unused in theorem `PvNP.RealizableHardness.EqualityGadget.relabeled_satisfied`:
  [DecidableEq V]
consider restructuring your `variable` declarations so that the variables are not in scope or explicitly omit them:
  omit [DecidableEq V] in theorem ...

Note: This linter can be disabled with `set_option linter.unusedSectionVars false`
/home/dfredriksen_quantyra_org/source-star-completeness-c574bd9-src/certifications/realizable-hardness/lean/PvNP/RealizableHardness/EqualityGadget.lean:148:0: warning: automatically included section variable(s) unused in theorem `PvNP.RealizableHardness.EqualityGadget.relabeled_violations_lower`:
  [DecidableEq V]
consider restructuring your `variable` declarations so that the variables are not in scope or explicitly omit them:
  omit [DecidableEq V] in theorem ...

Note: This linter can be disabled with `set_option linter.unusedSectionVars false`
