/home/dfredriksen_quantyra_org/selected-cmmsa-38d9ad0-src/certifications/realizable-hardness/lean/PvNP/RealizableHardness/CMMSAPipelineEncoding.lean:57:2: warning: Try this: 
  letI̵

The goal is a proposition, so `let` is preferred over `letI`.
The difference between `let` and `letI` is that `letI` inlines the value.
But this is not relevant for proofs because of proof irrelevance.

Note: This linter can be disabled with `set_option linter.style.haveILetI false`
/home/dfredriksen_quantyra_org/selected-cmmsa-38d9ad0-src/certifications/realizable-hardness/lean/PvNP/RealizableHardness/CMMSAPipelineEncoding.lean:102:74: warning: This simp argument is unused:
  Equiv.coe_fn_mk

Hint: Omit it from the simp argument list.
  [apply] simp only [repairedFamily, coordinates, lengthEquiv, Equiv.trans_apply,
    FiniteRepairRoundingPipeline.outputFormula, Formula.eval_rename]

Note: This linter can be disabled with `set_option linter.unusedSimpArgs false`
/home/dfredriksen_quantyra_org/selected-cmmsa-38d9ad0-src/certifications/realizable-hardness/lean/PvNP/RealizableHardness/CMMSAPipelineEncoding.lean:132:2: warning: Try this: 
  letI̵

The goal is a proposition, so `let` is preferred over `letI`.
The difference between `let` and `letI` is that `letI` inlines the value.
But this is not relevant for proofs because of proof irrelevance.

Note: This linter can be disabled with `set_option linter.style.haveILetI false`
/home/dfredriksen_quantyra_org/selected-cmmsa-38d9ad0-src/certifications/realizable-hardness/lean/PvNP/RealizableHardness/CMMSAPipelineEncoding.lean:171:2: warning: Try this: 
  letI̵

The goal is a proposition, so `let` is preferred over `letI`.
The difference between `let` and `letI` is that `letI` inlines the value.
But this is not relevant for proofs because of proof irrelevance.

Note: This linter can be disabled with `set_option linter.style.haveILetI false`
/home/dfredriksen_quantyra_org/selected-cmmsa-38d9ad0-src/certifications/realizable-hardness/lean/PvNP/RealizableHardness/CMMSAPipelineEncoding.lean:179:2: warning: Try this: 
  letI̵

The goal is a proposition, so `let` is preferred over `letI`.
The difference between `let` and `letI` is that `letI` inlines the value.
But this is not relevant for proofs because of proof irrelevance.

Note: This linter can be disabled with `set_option linter.style.haveILetI false`
