/home/dfredriksen_quantyra_org/source-star-soundness-f35269d-src/certifications/realizable-hardness/lean/PvNP/RealizableHardness/ActualQuestionMassBridge.lean:70:4: warning: `push_neg` has been deprecated. Prefer using `push Not` instead.
If you'd rather continue using `push_neg` in your project, you can implement it as follows:
```
open Lean.Parser.Tactic in
macro "push_neg" cfg:optConfig loc:(location)? : tactic =>
  `(tactic| push $cfg:optConfig Not $[$loc]?)
```
/home/dfredriksen_quantyra_org/source-star-soundness-f35269d-src/certifications/realizable-hardness/lean/PvNP/RealizableHardness/ActualQuestionMassBridge.lean:171:10: warning: This simp argument is unused:
  Fintype.card_fun

Hint: Omit it from the simp argument list.
  [apply] simp [hKcard]

Note: This linter can be disabled with `set_option linter.unusedSimpArgs false`
/home/dfredriksen_quantyra_org/source-star-soundness-f35269d-src/certifications/realizable-hardness/lean/PvNP/RealizableHardness/ActualQuestionMassBridge.lean:313:0: warning: automatically included section variable(s) unused in theorem `PvNP.RealizableHardness.ActualQuestionMassBridge.conflict_degree_le`:
  [Fintype X]
consider restructuring your `variable` declarations so that the variables are not in scope or explicitly omit them:
  omit [Fintype X] in theorem ...

Note: This linter can be disabled with `set_option linter.unusedSectionVars false`
'PvNP.RealizableHardness.ActualQuestionMassBridge.conflict_degree_le' depends on axioms: [propext,
 Classical.choice,
 Quot.sound]
/home/dfredriksen_quantyra_org/source-star-soundness-f35269d-src/certifications/realizable-hardness/lean/PvNP/RealizableHardness/ActualQuestionMassBridge.lean:423:6: warning: Try this: 
  letI̵

The goal is a proposition, so `let` is preferred over `letI`.
The difference between `let` and `letI` is that `letI` inlines the value.
But this is not relevant for proofs because of proof irrelevance.

Note: This linter can be disabled with `set_option linter.style.haveILetI false`
/home/dfredriksen_quantyra_org/source-star-soundness-f35269d-src/certifications/realizable-hardness/lean/PvNP/RealizableHardness/ActualQuestionMassBridge.lean:474:14: warning: This simp argument is unused:
  Fintype.card_fun

Hint: Omit it from the simp argument list.
  [apply] simp

Note: This linter can be disabled with `set_option linter.unusedSimpArgs false`
